// Jest Snapshot v1, https://goo.gl/fbAQLP

exports[`git user component renders to git user page 1`] = `
<DocumentFragment>
   
  <div
    data-testid="gitUser"
  >
    <img />
    <p>
      Name:
    </p>
    <p>
      Git-Id:
    </p>
    <p>
      Followers:
    </p>
    <p>
      Following:
    </p>
    <a>
      Github User Link:
    </a>
  </div>
</DocumentFragment>
`;
